Activity generated at Tue Mar 17 22:31:03 UTC 2026
Activity generated at Wed Mar 18 02:01:43 UTC 2026
Activity generated at Wed Mar 18 05:25:00 UTC 2026
Activity generated at Wed Mar 18 06:59:47 UTC 2026
Activity generated at Wed Mar 18 08:45:38 UTC 2026
Activity generated at Wed Mar 18 10:51:32 UTC 2026
Activity generated at Wed Mar 18 13:06:49 UTC 2026
Activity generated at Wed Mar 18 15:00:49 UTC 2026
Activity generated at Wed Mar 18 16:57:38 UTC 2026
Activity generated at Wed Mar 18 18:57:04 UTC 2026
Activity generated at Wed Mar 18 20:34:02 UTC 2026
Activity generated at Wed Mar 18 22:30:24 UTC 2026
Activity generated at Thu Mar 19 02:02:44 UTC 2026
Activity generated at Thu Mar 19 05:21:18 UTC 2026
Activity generated at Thu Mar 19 06:56:11 UTC 2026
Activity generated at Thu Mar 19 08:39:30 UTC 2026
Activity generated at Thu Mar 19 10:37:56 UTC 2026
Activity generated at Thu Mar 19 13:00:37 UTC 2026
Activity generated at Thu Mar 19 14:43:48 UTC 2026
Activity generated at Thu Mar 19 16:56:24 UTC 2026
Activity generated at Thu Mar 19 18:56:00 UTC 2026
Activity generated at Thu Mar 19 20:35:03 UTC 2026
Activity generated at Thu Mar 19 22:26:40 UTC 2026
Activity generated at Fri Mar 20 01:56:51 UTC 2026
Activity generated at Fri Mar 20 04:16:29 UTC 2026
Activity generated at Fri Mar 20 06:52:32 UTC 2026
Activity generated at Fri Mar 20 08:38:06 UTC 2026
Activity generated at Fri Mar 20 10:35:53 UTC 2026
Activity generated at Fri Mar 20 12:55:29 UTC 2026
Activity generated at Fri Mar 20 14:41:04 UTC 2026
Activity generated at Fri Mar 20 16:40:34 UTC 2026
Activity generated at Fri Mar 20 18:45:25 UTC 2026
Activity generated at Fri Mar 20 20:29:39 UTC 2026
Activity generated at Fri Mar 20 22:26:25 UTC 2026
Activity generated at Sat Mar 21 01:50:50 UTC 2026
Activity generated at Sat Mar 21 04:03:53 UTC 2026
Activity generated at Sat Mar 21 06:40:03 UTC 2026
Activity generated at Sat Mar 21 08:30:29 UTC 2026
Activity generated at Sat Mar 21 10:24:18 UTC 2026
Activity generated at Sat Mar 21 12:43:20 UTC 2026
Activity generated at Sat Mar 21 14:24:40 UTC 2026
Activity generated at Sat Mar 21 16:27:12 UTC 2026
Activity generated at Sat Mar 21 18:33:48 UTC 2026
Activity generated at Sat Mar 21 20:24:01 UTC 2026
Activity generated at Sat Mar 21 22:22:02 UTC 2026
Activity generated at Sun Mar 22 02:02:52 UTC 2026
Activity generated at Sun Mar 22 05:17:58 UTC 2026
Activity generated at Sun Mar 22 06:49:12 UTC 2026
Activity generated at Sun Mar 22 08:32:02 UTC 2026
Activity generated at Sun Mar 22 10:25:13 UTC 2026
Activity generated at Sun Mar 22 12:46:36 UTC 2026
Activity generated at Sun Mar 22 14:26:08 UTC 2026
Activity generated at Sun Mar 22 16:28:05 UTC 2026
Activity generated at Sun Mar 22 18:34:28 UTC 2026
Activity generated at Sun Mar 22 20:25:11 UTC 2026
Activity generated at Sun Mar 22 22:23:01 UTC 2026
Activity generated at Mon Mar 23 02:03:52 UTC 2026
Activity generated at Mon Mar 23 05:28:47 UTC 2026
Activity generated at Mon Mar 23 07:07:16 UTC 2026
Activity generated at Mon Mar 23 08:53:03 UTC 2026
Activity generated at Mon Mar 23 10:51:06 UTC 2026
Activity generated at Mon Mar 23 13:03:07 UTC 2026
Activity generated at Mon Mar 23 14:53:02 UTC 2026
Activity generated at Mon Mar 23 16:55:18 UTC 2026
Activity generated at Mon Mar 23 18:52:03 UTC 2026
Activity generated at Mon Mar 23 20:35:59 UTC 2026
Activity generated at Mon Mar 23 22:30:27 UTC 2026
Activity generated at Tue Mar 24 01:55:42 UTC 2026
Activity generated at Tue Mar 24 04:20:20 UTC 2026
Activity generated at Tue Mar 24 07:01:44 UTC 2026
Activity generated at Tue Mar 24 08:51:22 UTC 2026
Activity generated at Tue Mar 24 10:50:42 UTC 2026
Activity generated at Tue Mar 24 13:07:16 UTC 2026
Activity generated at Tue Mar 24 14:56:13 UTC 2026
Activity generated at Tue Mar 24 16:58:14 UTC 2026
Activity generated at Tue Mar 24 19:00:40 UTC 2026
Activity generated at Tue Mar 24 20:39:09 UTC 2026
Activity generated at Tue Mar 24 22:28:50 UTC 2026
Activity generated at Wed Mar 25 02:01:41 UTC 2026
Activity generated at Wed Mar 25 05:22:06 UTC 2026
Activity generated at Wed Mar 25 07:00:11 UTC 2026
Activity generated at Wed Mar 25 08:49:20 UTC 2026
Activity generated at Wed Mar 25 10:46:45 UTC 2026
Activity generated at Wed Mar 25 13:05:29 UTC 2026
Activity generated at Wed Mar 25 14:57:20 UTC 2026
Activity generated at Wed Mar 25 17:00:12 UTC 2026
Activity generated at Wed Mar 25 18:53:38 UTC 2026
Activity generated at Wed Mar 25 20:36:35 UTC 2026
Activity generated at Wed Mar 25 22:33:41 UTC 2026
Activity generated at Thu Mar 26 02:07:32 UTC 2026
Activity generated at Thu Mar 26 05:40:01 UTC 2026
Activity generated at Thu Mar 26 07:05:35 UTC 2026
Activity generated at Thu Mar 26 08:53:16 UTC 2026
Activity generated at Thu Mar 26 10:51:20 UTC 2026
Activity generated at Thu Mar 26 13:11:06 UTC 2026
Activity generated at Thu Mar 26 15:02:13 UTC 2026
Activity generated at Thu Mar 26 16:58:41 UTC 2026
Activity generated at Thu Mar 26 19:02:52 UTC 2026
Activity generated at Thu Mar 26 20:34:02 UTC 2026
Activity generated at Thu Mar 26 22:27:18 UTC 2026
Activity generated at Fri Mar 27 02:08:30 UTC 2026
Activity generated at Fri Mar 27 05:41:30 UTC 2026
Activity generated at Fri Mar 27 07:04:09 UTC 2026
Activity generated at Fri Mar 27 08:50:25 UTC 2026
Activity generated at Fri Mar 27 10:45:38 UTC 2026
Activity generated at Fri Mar 27 13:01:59 UTC 2026
Activity generated at Fri Mar 27 14:47:34 UTC 2026
Activity generated at Fri Mar 27 16:53:10 UTC 2026
Activity generated at Fri Mar 27 18:53:24 UTC 2026
Activity generated at Fri Mar 27 20:36:15 UTC 2026
Activity generated at Fri Mar 27 22:29:36 UTC 2026
Activity generated at Sat Mar 28 01:59:44 UTC 2026
Activity generated at Sat Mar 28 04:26:55 UTC 2026
Activity generated at Sat Mar 28 06:56:43 UTC 2026
Activity generated at Sat Mar 28 08:36:18 UTC 2026
Activity generated at Sat Mar 28 10:29:28 UTC 2026
Activity generated at Sat Mar 28 12:51:25 UTC 2026
Activity generated at Sat Mar 28 14:29:56 UTC 2026
Activity generated at Sat Mar 28 16:31:32 UTC 2026
Activity generated at Sat Mar 28 18:37:36 UTC 2026
Activity generated at Sat Mar 28 20:28:04 UTC 2026
Activity generated at Sat Mar 28 22:26:58 UTC 2026
Activity generated at Sun Mar 29 02:10:58 UTC 2026
Activity generated at Sun Mar 29 05:42:15 UTC 2026
Activity generated at Sun Mar 29 07:01:03 UTC 2026
Activity generated at Sun Mar 29 08:37:17 UTC 2026
Activity generated at Sun Mar 29 10:30:48 UTC 2026
Activity generated at Sun Mar 29 12:52:03 UTC 2026
Activity generated at Sun Mar 29 14:32:10 UTC 2026
Activity generated at Sun Mar 29 16:32:33 UTC 2026
Activity generated at Sun Mar 29 18:39:16 UTC 2026
Activity generated at Sun Mar 29 20:29:16 UTC 2026
Activity generated at Sun Mar 29 22:28:12 UTC 2026
Activity generated at Mon Mar 30 02:13:07 UTC 2026
Activity generated at Mon Mar 30 05:57:56 UTC 2026
Activity generated at Mon Mar 30 07:51:30 UTC 2026
Activity generated at Mon Mar 30 09:09:40 UTC 2026
Activity generated at Mon Mar 30 11:00:05 UTC 2026
Activity generated at Mon Mar 30 13:14:52 UTC 2026
Activity generated at Mon Mar 30 15:01:58 UTC 2026
Activity generated at Mon Mar 30 16:53:48 UTC 2026
Activity generated at Mon Mar 30 18:57:42 UTC 2026
Activity generated at Mon Mar 30 20:42:24 UTC 2026
Activity generated at Mon Mar 30 22:33:12 UTC 2026
Activity generated at Tue Mar 31 02:08:59 UTC 2026
Activity generated at Tue Mar 31 05:43:32 UTC 2026
Activity generated at Tue Mar 31 07:10:38 UTC 2026
Activity generated at Tue Mar 31 08:57:03 UTC 2026
Activity generated at Tue Mar 31 10:51:15 UTC 2026
Activity generated at Tue Mar 31 13:13:53 UTC 2026
Activity generated at Tue Mar 31 15:00:33 UTC 2026
Activity generated at Tue Mar 31 16:55:03 UTC 2026
Activity generated at Tue Mar 31 18:59:59 UTC 2026
Activity generated at Tue Mar 31 20:40:15 UTC 2026
Activity generated at Tue Mar 31 22:32:22 UTC 2026
Activity generated at Wed Apr  1 02:25:53 UTC 2026
Activity generated at Wed Apr  1 05:53:59 UTC 2026
Activity generated at Wed Apr  1 07:17:41 UTC 2026
Activity generated at Wed Apr  1 09:02:03 UTC 2026
Activity generated at Wed Apr  1 10:53:22 UTC 2026
Activity generated at Wed Apr  1 13:17:33 UTC 2026
Activity generated at Wed Apr  1 15:02:13 UTC 2026
Activity generated at Wed Apr  1 16:52:12 UTC 2026
Activity generated at Wed Apr  1 18:58:39 UTC 2026
Activity generated at Wed Apr  1 20:40:56 UTC 2026
Activity generated at Wed Apr  1 22:35:18 UTC 2026
Activity generated at Thu Apr  2 02:05:20 UTC 2026
Activity generated at Thu Apr  2 05:40:30 UTC 2026
Activity generated at Thu Apr  2 07:09:16 UTC 2026
Activity generated at Thu Apr  2 08:53:46 UTC 2026
Activity generated at Thu Apr  2 10:49:52 UTC 2026
Activity generated at Thu Apr  2 13:08:39 UTC 2026
Activity generated at Thu Apr  2 14:54:13 UTC 2026
Activity generated at Thu Apr  2 16:54:32 UTC 2026
Activity generated at Thu Apr  2 18:54:20 UTC 2026
Activity generated at Thu Apr  2 20:32:58 UTC 2026
Activity generated at Thu Apr  2 22:29:14 UTC 2026
Activity generated at Fri Apr  3 02:07:11 UTC 2026
Activity generated at Fri Apr  3 05:40:51 UTC 2026
Activity generated at Fri Apr  3 08:51:38 UTC 2026
Activity generated at Fri Apr  3 10:40:53 UTC 2026
Activity generated at Fri Apr  3 12:59:40 UTC 2026
Activity generated at Fri Apr  3 14:40:10 UTC 2026
Activity generated at Fri Apr  3 16:37:56 UTC 2026
Activity generated at Fri Apr  3 18:43:15 UTC 2026
Activity generated at Fri Apr  3 20:34:13 UTC 2026
Activity generated at Fri Apr  3 22:31:01 UTC 2026
Activity generated at Sat Apr  4 01:59:21 UTC 2026
Activity generated at Sat Apr  4 04:23:56 UTC 2026
Activity generated at Sat Apr  4 06:58:16 UTC 2026
Activity generated at Sat Apr  4 08:38:21 UTC 2026
Activity generated at Sat Apr  4 10:30:51 UTC 2026
Activity generated at Sat Apr  4 12:51:29 UTC 2026
Activity generated at Sat Apr  4 14:31:55 UTC 2026
Activity generated at Sat Apr  4 16:33:00 UTC 2026
Activity generated at Sat Apr  4 18:39:10 UTC 2026
Activity generated at Sat Apr  4 20:28:53 UTC 2026
Activity generated at Sat Apr  4 22:27:16 UTC 2026
Activity generated at Sun Apr  5 02:13:06 UTC 2026
Activity generated at Sun Apr  5 05:43:28 UTC 2026
Activity generated at Sun Apr  5 07:03:11 UTC 2026
Activity generated at Sun Apr  5 08:40:11 UTC 2026
Activity generated at Sun Apr  5 10:31:36 UTC 2026
Activity generated at Sun Apr  5 12:53:43 UTC 2026
Activity generated at Sun Apr  5 14:33:37 UTC 2026
Activity generated at Sun Apr  5 16:34:09 UTC 2026
Activity generated at Sun Apr  5 18:40:32 UTC 2026
Activity generated at Sun Apr  5 20:31:00 UTC 2026
Activity generated at Sun Apr  5 22:28:34 UTC 2026
Activity generated at Mon Apr  6 02:14:09 UTC 2026
Activity generated at Mon Apr  6 05:57:46 UTC 2026
Activity generated at Mon Apr  6 07:52:29 UTC 2026
Activity generated at Mon Apr  6 09:06:35 UTC 2026
Activity generated at Mon Apr  6 10:54:15 UTC 2026
Activity generated at Mon Apr  6 13:05:31 UTC 2026
Activity generated at Mon Apr  6 14:44:16 UTC 2026
Activity generated at Mon Apr  6 16:43:47 UTC 2026
Activity generated at Mon Apr  6 18:56:14 UTC 2026
Activity generated at Mon Apr  6 20:35:25 UTC 2026
Activity generated at Mon Apr  6 22:34:17 UTC 2026
Activity generated at Tue Apr  7 02:09:30 UTC 2026
Activity generated at Tue Apr  7 05:45:27 UTC 2026
Activity generated at Tue Apr  7 07:13:24 UTC 2026
Activity generated at Tue Apr  7 08:59:58 UTC 2026
Activity generated at Tue Apr  7 10:53:04 UTC 2026
Activity generated at Tue Apr  7 13:14:26 UTC 2026
Activity generated at Tue Apr  7 15:05:43 UTC 2026
Activity generated at Tue Apr  7 16:55:52 UTC 2026
Activity generated at Tue Apr  7 19:01:00 UTC 2026
Activity generated at Tue Apr  7 20:44:01 UTC 2026
Activity generated at Tue Apr  7 22:35:56 UTC 2026
Activity generated at Wed Apr  8 02:10:27 UTC 2026
Activity generated at Wed Apr  8 05:45:52 UTC 2026
Activity generated at Wed Apr  8 07:15:36 UTC 2026
Activity generated at Wed Apr  8 08:58:43 UTC 2026
Activity generated at Wed Apr  8 10:53:51 UTC 2026
Activity generated at Wed Apr  8 13:16:28 UTC 2026
Activity generated at Wed Apr  8 15:08:21 UTC 2026
Activity generated at Wed Apr  8 16:59:16 UTC 2026
Activity generated at Wed Apr  8 19:12:58 UTC 2026
Activity generated at Wed Apr  8 20:39:57 UTC 2026
Activity generated at Wed Apr  8 22:36:49 UTC 2026
Activity generated at Thu Apr  9 02:03:45 UTC 2026
Activity generated at Thu Apr  9 05:47:34 UTC 2026
Activity generated at Thu Apr  9 07:18:46 UTC 2026
Activity generated at Thu Apr  9 09:04:48 UTC 2026
Activity generated at Thu Apr  9 10:56:40 UTC 2026
Activity generated at Thu Apr  9 13:23:18 UTC 2026
Activity generated at Thu Apr  9 15:20:43 UTC 2026
Activity generated at Thu Apr  9 17:05:10 UTC 2026
Activity generated at Thu Apr  9 19:03:05 UTC 2026
Activity generated at Thu Apr  9 20:48:07 UTC 2026
Activity generated at Thu Apr  9 22:38:40 UTC 2026
Activity generated at Fri Apr 10 02:23:49 UTC 2026
Activity generated at Fri Apr 10 05:56:17 UTC 2026
Activity generated at Fri Apr 10 07:43:23 UTC 2026
Activity generated at Fri Apr 10 09:06:21 UTC 2026
Activity generated at Fri Apr 10 10:51:52 UTC 2026
Activity generated at Fri Apr 10 13:04:55 UTC 2026
Activity generated at Fri Apr 10 14:45:39 UTC 2026
Activity generated at Fri Apr 10 16:48:59 UTC 2026
Activity generated at Fri Apr 10 18:50:13 UTC 2026
Activity generated at Fri Apr 10 20:33:38 UTC 2026
Activity generated at Fri Apr 10 22:35:21 UTC 2026
Activity generated at Sat Apr 11 02:03:38 UTC 2026
Activity generated at Sat Apr 11 05:24:05 UTC 2026
Activity generated at Sat Apr 11 06:58:50 UTC 2026
Activity generated at Sat Apr 11 08:40:22 UTC 2026
Activity generated at Sat Apr 11 10:31:43 UTC 2026
Activity generated at Sat Apr 11 12:53:27 UTC 2026
Activity generated at Sat Apr 11 14:34:53 UTC 2026
Activity generated at Sat Apr 11 16:34:30 UTC 2026
Activity generated at Sat Apr 11 18:41:06 UTC 2026
Activity generated at Sat Apr 11 20:30:26 UTC 2026
Activity generated at Sat Apr 11 22:29:40 UTC 2026
Activity generated at Sun Apr 12 02:25:40 UTC 2026
Activity generated at Sun Apr 12 05:52:52 UTC 2026
Activity generated at Sun Apr 12 07:11:12 UTC 2026
Activity generated at Sun Apr 12 08:44:15 UTC 2026
Activity generated at Sun Apr 12 10:36:38 UTC 2026
Activity generated at Sun Apr 12 12:57:18 UTC 2026
Activity generated at Sun Apr 12 14:37:49 UTC 2026
Activity generated at Sun Apr 12 16:36:05 UTC 2026
Activity generated at Sun Apr 12 18:43:56 UTC 2026
Activity generated at Sun Apr 12 20:33:36 UTC 2026
Activity generated at Sun Apr 12 22:31:37 UTC 2026
Activity generated at Mon Apr 13 02:30:54 UTC 2026
Activity generated at Mon Apr 13 06:12:45 UTC 2026
Activity generated at Mon Apr 13 09:52:45 UTC 2026
Activity generated at Mon Apr 13 11:16:10 UTC 2026
Activity generated at Mon Apr 13 13:21:58 UTC 2026
Activity generated at Mon Apr 13 15:14:19 UTC 2026
Activity generated at Mon Apr 13 17:02:04 UTC 2026
Activity generated at Mon Apr 13 19:11:49 UTC 2026
Activity generated at Mon Apr 13 20:52:40 UTC 2026
Activity generated at Mon Apr 13 22:41:01 UTC 2026
Activity generated at Tue Apr 14 02:24:26 UTC 2026
Activity generated at Tue Apr 14 05:59:01 UTC 2026
Activity generated at Tue Apr 14 07:59:54 UTC 2026
Activity generated at Tue Apr 14 09:43:38 UTC 2026
Activity generated at Tue Apr 14 11:00:52 UTC 2026
Activity generated at Tue Apr 14 13:21:12 UTC 2026
Activity generated at Tue Apr 14 15:12:01 UTC 2026
Activity generated at Tue Apr 14 17:03:50 UTC 2026
Activity generated at Tue Apr 14 19:11:39 UTC 2026
Activity generated at Tue Apr 14 20:51:21 UTC 2026
Activity generated at Tue Apr 14 22:42:39 UTC 2026
Activity generated at Wed Apr 15 02:13:31 UTC 2026
Activity generated at Wed Apr 15 05:58:53 UTC 2026
Activity generated at Wed Apr 15 08:00:29 UTC 2026
Activity generated at Wed Apr 15 10:57:25 UTC 2026
Activity generated at Wed Apr 15 13:20:34 UTC 2026
Activity generated at Wed Apr 15 15:04:02 UTC 2026
Activity generated at Wed Apr 15 17:01:26 UTC 2026
Activity generated at Wed Apr 15 19:13:44 UTC 2026
Activity generated at Wed Apr 15 20:43:41 UTC 2026
Activity generated at Wed Apr 15 22:39:30 UTC 2026
Activity generated at Thu Apr 16 02:29:35 UTC 2026
Activity generated at Thu Apr 16 06:00:12 UTC 2026
Activity generated at Thu Apr 16 09:17:11 UTC 2026
Activity generated at Thu Apr 16 11:00:51 UTC 2026
Activity generated at Thu Apr 16 13:25:33 UTC 2026
Activity generated at Thu Apr 16 15:23:33 UTC 2026
Activity generated at Thu Apr 16 17:11:43 UTC 2026
Activity generated at Thu Apr 16 19:09:24 UTC 2026
Activity generated at Thu Apr 16 20:45:04 UTC 2026
Activity generated at Thu Apr 16 22:37:29 UTC 2026
Activity generated at Fri Apr 17 02:25:39 UTC 2026
Activity generated at Fri Apr 17 06:01:39 UTC 2026
Activity generated at Fri Apr 17 09:15:14 UTC 2026
Activity generated at Fri Apr 17 10:53:16 UTC 2026
Activity generated at Fri Apr 17 13:14:53 UTC 2026
Activity generated at Fri Apr 17 14:53:39 UTC 2026
Activity generated at Fri Apr 17 16:53:15 UTC 2026
Activity generated at Fri Apr 17 18:57:20 UTC 2026
Activity generated at Fri Apr 17 20:41:24 UTC 2026
Activity generated at Fri Apr 17 22:36:33 UTC 2026
Activity generated at Sat Apr 18 02:08:26 UTC 2026
Activity generated at Sat Apr 18 05:40:22 UTC 2026
Activity generated at Sat Apr 18 07:04:23 UTC 2026
Activity generated at Sat Apr 18 08:46:14 UTC 2026
Activity generated at Sat Apr 18 10:37:56 UTC 2026
Activity generated at Sat Apr 18 12:57:58 UTC 2026
Activity generated at Sat Apr 18 14:37:38 UTC 2026
Activity generated at Sat Apr 18 16:37:47 UTC 2026
Activity generated at Sat Apr 18 18:46:38 UTC 2026
Activity generated at Sat Apr 18 20:34:11 UTC 2026
Activity generated at Sat Apr 18 22:32:22 UTC 2026
Activity generated at Sun Apr 19 02:29:49 UTC 2026
Activity generated at Sun Apr 19 05:56:56 UTC 2026
Activity generated at Sun Apr 19 07:23:50 UTC 2026
Activity generated at Sun Apr 19 08:52:13 UTC 2026
Activity generated at Sun Apr 19 10:37:01 UTC 2026
Activity generated at Sun Apr 19 12:57:11 UTC 2026
Activity generated at Sun Apr 19 14:38:37 UTC 2026
Activity generated at Sun Apr 19 16:37:39 UTC 2026
Activity generated at Sun Apr 19 18:46:17 UTC 2026
Activity generated at Sun Apr 19 20:35:19 UTC 2026
Activity generated at Sun Apr 19 22:32:54 UTC 2026
Activity generated at Mon Apr 20 02:30:22 UTC 2026
Activity generated at Mon Apr 20 06:12:59 UTC 2026
Activity generated at Mon Apr 20 09:56:18 UTC 2026
Activity generated at Mon Apr 20 11:19:13 UTC 2026
Activity generated at Mon Apr 20 13:24:58 UTC 2026
Activity generated at Mon Apr 20 15:15:12 UTC 2026
Activity generated at Mon Apr 20 17:01:41 UTC 2026
Activity generated at Mon Apr 20 19:02:01 UTC 2026
Activity generated at Mon Apr 20 20:42:33 UTC 2026
Activity generated at Mon Apr 20 22:40:57 UTC 2026
Activity generated at Tue Apr 21 02:26:28 UTC 2026
Activity generated at Tue Apr 21 06:01:06 UTC 2026
Activity generated at Tue Apr 21 09:23:43 UTC 2026
Activity generated at Tue Apr 21 11:04:25 UTC 2026
Activity generated at Tue Apr 21 13:21:48 UTC 2026
Activity generated at Tue Apr 21 15:11:23 UTC 2026
Activity generated at Tue Apr 21 16:58:26 UTC 2026
Activity generated at Tue Apr 21 19:08:28 UTC 2026
Activity generated at Tue Apr 21 20:50:41 UTC 2026
Activity generated at Tue Apr 21 22:35:57 UTC 2026
Activity generated at Wed Apr 22 02:24:33 UTC 2026
Activity generated at Wed Apr 22 05:58:34 UTC 2026
Activity generated at Wed Apr 22 08:00:42 UTC 2026
Activity generated at Wed Apr 22 11:02:34 UTC 2026
Activity generated at Wed Apr 22 13:22:31 UTC 2026
Activity generated at Wed Apr 22 15:11:17 UTC 2026
Activity generated at Wed Apr 22 16:57:04 UTC 2026
Activity generated at Wed Apr 22 19:10:11 UTC 2026
Activity generated at Wed Apr 22 20:53:09 UTC 2026
Activity generated at Wed Apr 22 22:44:18 UTC 2026
Activity generated at Thu Apr 23 02:27:54 UTC 2026
Activity generated at Thu Apr 23 06:04:25 UTC 2026
Activity generated at Thu Apr 23 09:25:49 UTC 2026
Activity generated at Thu Apr 23 11:06:08 UTC 2026
Activity generated at Thu Apr 23 13:24:04 UTC 2026
Activity generated at Thu Apr 23 15:50:40 UTC 2026
Activity generated at Thu Apr 23 17:18:03 UTC 2026
Activity generated at Thu Apr 23 19:04:52 UTC 2026
Activity generated at Thu Apr 23 20:50:15 UTC 2026
Activity generated at Thu Apr 23 22:41:29 UTC 2026
Activity generated at Fri Apr 24 02:28:41 UTC 2026
Activity generated at Fri Apr 24 06:06:23 UTC 2026
Activity generated at Fri Apr 24 09:43:15 UTC 2026
Activity generated at Fri Apr 24 11:05:02 UTC 2026
Activity generated at Fri Apr 24 13:19:26 UTC 2026
Activity generated at Fri Apr 24 15:06:09 UTC 2026
Activity generated at Fri Apr 24 16:53:12 UTC 2026
Activity generated at Fri Apr 24 18:47:30 UTC 2026
Activity generated at Fri Apr 24 20:43:37 UTC 2026
Activity generated at Fri Apr 24 22:37:00 UTC 2026
Activity generated at Sat Apr 25 02:10:26 UTC 2026
Activity generated at Sat Apr 25 05:46:36 UTC 2026
Activity generated at Sat Apr 25 07:12:16 UTC 2026
Activity generated at Sat Apr 25 08:50:19 UTC 2026
Activity generated at Sat Apr 25 10:41:17 UTC 2026
Activity generated at Sat Apr 25 13:00:05 UTC 2026
Activity generated at Sat Apr 25 14:39:13 UTC 2026
Activity generated at Sat Apr 25 16:38:48 UTC 2026
Activity generated at Sat Apr 25 18:49:56 UTC 2026
Activity generated at Sat Apr 25 20:36:28 UTC 2026
Activity generated at Sat Apr 25 22:34:38 UTC 2026
Activity generated at Sun Apr 26 02:33:15 UTC 2026
Activity generated at Sun Apr 26 06:05:16 UTC 2026
Activity generated at Sun Apr 26 08:58:13 UTC 2026
Activity generated at Sun Apr 26 10:42:51 UTC 2026
Activity generated at Sun Apr 26 13:01:51 UTC 2026
Activity generated at Sun Apr 26 14:40:44 UTC 2026
Activity generated at Sun Apr 26 16:39:53 UTC 2026
Activity generated at Sun Apr 26 18:51:27 UTC 2026
Activity generated at Sun Apr 26 20:35:45 UTC 2026
Activity generated at Sun Apr 26 22:35:38 UTC 2026
Activity generated at Mon Apr 27 02:35:05 UTC 2026
Activity generated at Mon Apr 27 06:25:54 UTC 2026
Activity generated at Mon Apr 27 10:12:21 UTC 2026
Activity generated at Mon Apr 27 13:47:47 UTC 2026
Activity generated at Mon Apr 27 15:45:48 UTC 2026
Activity generated at Mon Apr 27 17:20:05 UTC 2026
Activity generated at Mon Apr 27 19:16:54 UTC 2026
Activity generated at Mon Apr 27 20:59:33 UTC 2026
Activity generated at Mon Apr 27 22:50:03 UTC 2026
Activity generated at Tue Apr 28 02:42:51 UTC 2026
Activity generated at Tue Apr 28 06:27:43 UTC 2026
Activity generated at Tue Apr 28 10:11:27 UTC 2026
Activity generated at Tue Apr 28 16:11:25 UTC 2026
Activity generated at Tue Apr 28 19:38:41 UTC 2026
Activity generated at Tue Apr 28 21:05:04 UTC 2026
Activity generated at Tue Apr 28 22:55:16 UTC 2026
Activity generated at Wed Apr 29 02:42:42 UTC 2026
Activity generated at Wed Apr 29 06:21:28 UTC 2026
Activity generated at Wed Apr 29 10:02:55 UTC 2026
Activity generated at Wed Apr 29 13:50:53 UTC 2026
Activity generated at Wed Apr 29 15:54:22 UTC 2026
Activity generated at Wed Apr 29 17:25:59 UTC 2026
Activity generated at Wed Apr 29 19:21:57 UTC 2026
Activity generated at Wed Apr 29 21:01:37 UTC 2026
Activity generated at Wed Apr 29 22:54:46 UTC 2026
Activity generated at Thu Apr 30 02:44:04 UTC 2026
Activity generated at Thu Apr 30 06:25:13 UTC 2026
Activity generated at Thu Apr 30 10:04:22 UTC 2026
Activity generated at Thu Apr 30 13:49:22 UTC 2026
Activity generated at Thu Apr 30 15:45:49 UTC 2026
Activity generated at Thu Apr 30 17:18:25 UTC 2026
Activity generated at Thu Apr 30 19:17:36 UTC 2026
Activity generated at Thu Apr 30 20:57:59 UTC 2026
Activity generated at Thu Apr 30 22:51:44 UTC 2026
Activity generated at Fri May  1 02:50:45 UTC 2026
Activity generated at Fri May  1 06:34:37 UTC 2026
Activity generated at Fri May  1 09:43:47 UTC 2026
Activity generated at Fri May  1 11:04:25 UTC 2026
Activity generated at Fri May  1 13:15:01 UTC 2026
Activity generated at Fri May  1 14:53:42 UTC 2026
Activity generated at Fri May  1 16:55:49 UTC 2026
Activity generated at Fri May  1 19:08:18 UTC 2026
Activity generated at Fri May  1 20:50:31 UTC 2026
Activity generated at Fri May  1 22:47:18 UTC 2026
Activity generated at Sat May  2 02:32:07 UTC 2026
Activity generated at Sat May  2 06:05:04 UTC 2026
Activity generated at Sat May  2 09:03:36 UTC 2026
Activity generated at Sat May  2 10:49:59 UTC 2026
Activity generated at Sat May  2 13:05:59 UTC 2026
Activity generated at Sat May  2 14:43:46 UTC 2026
Activity generated at Sat May  2 16:42:54 UTC 2026
Activity generated at Sat May  2 18:55:56 UTC 2026
Activity generated at Sat May  2 20:38:52 UTC 2026
Activity generated at Sat May  2 22:38:32 UTC 2026
Activity generated at Sun May  3 02:42:21 UTC 2026
Activity generated at Sun May  3 06:24:23 UTC 2026
Activity generated at Sun May  3 09:20:21 UTC 2026
Activity generated at Sun May  3 10:53:11 UTC 2026
Activity generated at Sun May  3 13:04:52 UTC 2026
Activity generated at Sun May  3 14:46:17 UTC 2026
Activity generated at Sun May  3 16:46:34 UTC 2026
Activity generated at Sun May  3 18:56:33 UTC 2026
Activity generated at Sun May  3 20:40:03 UTC 2026
Activity generated at Sun May  3 22:38:12 UTC 2026
Activity generated at Mon May  4 02:40:03 UTC 2026
Activity generated at Mon May  4 06:36:51 UTC 2026
Activity generated at Mon May  4 10:11:06 UTC 2026
Activity generated at Mon May  4 13:54:20 UTC 2026
Activity generated at Mon May  4 16:00:40 UTC 2026
Activity generated at Mon May  4 19:25:56 UTC 2026
Activity generated at Mon May  4 21:06:44 UTC 2026
Activity generated at Mon May  4 22:55:55 UTC 2026
Activity generated at Tue May  5 02:33:43 UTC 2026
Activity generated at Tue May  5 06:13:20 UTC 2026
Activity generated at Tue May  5 09:59:57 UTC 2026
Activity generated at Tue May  5 11:22:39 UTC 2026
Activity generated at Tue May  5 15:51:22 UTC 2026
Activity generated at Tue May  5 17:21:16 UTC 2026
Activity generated at Tue May  5 19:15:51 UTC 2026
Activity generated at Tue May  5 20:59:52 UTC 2026
Activity generated at Tue May  5 22:53:26 UTC 2026
Activity generated at Wed May  6 02:37:52 UTC 2026
Activity generated at Wed May  6 06:27:37 UTC 2026
Activity generated at Wed May  6 10:14:38 UTC 2026
Activity generated at Wed May  6 14:04:24 UTC 2026
Activity generated at Wed May  6 17:27:43 UTC 2026
Activity generated at Wed May  6 19:43:18 UTC 2026
Activity generated at Wed May  6 21:08:52 UTC 2026
Activity generated at Wed May  6 22:51:03 UTC 2026
Activity generated at Thu May  7 02:40:03 UTC 2026
Activity generated at Thu May  7 06:33:15 UTC 2026
Activity generated at Thu May  7 10:22:23 UTC 2026
Activity generated at Thu May  7 14:02:12 UTC 2026
Activity generated at Thu May  7 17:45:30 UTC 2026
Activity generated at Thu May  7 19:40:55 UTC 2026
Activity generated at Thu May  7 21:02:15 UTC 2026
Activity generated at Thu May  7 22:59:05 UTC 2026
Activity generated at Fri May  8 02:44:56 UTC 2026
Activity generated at Fri May  8 05:55:29 UTC 2026
Activity generated at Fri May  8 07:28:28 UTC 2026
Activity generated at Fri May  8 09:17:19 UTC 2026
Activity generated at Fri May  8 11:12:05 UTC 2026
Activity generated at Fri May  8 13:28:18 UTC 2026
Activity generated at Fri May  8 15:22:40 UTC 2026
Activity generated at Fri May  8 17:13:58 UTC 2026
Activity generated at Fri May  8 19:13:42 UTC 2026
Activity generated at Fri May  8 20:57:36 UTC 2026
Activity generated at Fri May  8 22:53:40 UTC 2026
Activity generated at Sat May  9 02:39:14 UTC 2026
Activity generated at Sat May  9 06:13:39 UTC 2026
Activity generated at Sat May  9 09:17:12 UTC 2026
Activity generated at Sat May  9 10:55:07 UTC 2026
Activity generated at Sat May  9 13:13:04 UTC 2026
Activity generated at Sat May  9 14:48:26 UTC 2026
Activity generated at Sat May  9 16:52:37 UTC 2026
Activity generated at Sat May  9 18:57:51 UTC 2026
Activity generated at Sat May  9 20:40:43 UTC 2026
Activity generated at Sat May  9 22:40:15 UTC 2026
Activity generated at Sun May 10 02:44:32 UTC 2026
Activity generated at Sun May 10 06:31:23 UTC 2026
Activity generated at Sun May 10 09:26:40 UTC 2026
Activity generated at Sun May 10 10:58:45 UTC 2026
Activity generated at Sun May 10 13:13:28 UTC 2026
Activity generated at Sun May 10 14:50:35 UTC 2026
Activity generated at Sun May 10 16:53:04 UTC 2026
Activity generated at Sun May 10 18:59:23 UTC 2026
Activity generated at Sun May 10 20:42:52 UTC 2026
Activity generated at Sun May 10 22:43:38 UTC 2026
Activity generated at Mon May 11 02:54:07 UTC 2026
Activity generated at Mon May 11 07:38:17 UTC 2026
Activity generated at Mon May 11 10:58:52 UTC 2026
Activity generated at Mon May 11 14:44:56 UTC 2026
Activity generated at Mon May 11 17:52:39 UTC 2026
Activity generated at Mon May 11 19:43:29 UTC 2026
Activity generated at Mon May 11 21:14:27 UTC 2026
Activity generated at Mon May 11 22:51:54 UTC 2026
Activity generated at Tue May 12 02:45:58 UTC 2026
Activity generated at Tue May 12 06:34:43 UTC 2026
Activity generated at Tue May 12 10:29:26 UTC 2026
Activity generated at Tue May 12 14:19:11 UTC 2026
Activity generated at Tue May 12 17:57:09 UTC 2026
Activity generated at Tue May 12 19:57:02 UTC 2026
Activity generated at Tue May 12 21:21:45 UTC 2026
Activity generated at Tue May 12 22:58:21 UTC 2026
Activity generated at Wed May 13 02:51:27 UTC 2026
Activity generated at Wed May 13 06:45:36 UTC 2026
Activity generated at Wed May 13 10:24:18 UTC 2026
Activity generated at Wed May 13 14:27:44 UTC 2026
Activity generated at Wed May 13 17:59:31 UTC 2026
Activity generated at Wed May 13 20:04:35 UTC 2026
Activity generated at Wed May 13 23:03:41 UTC 2026
Activity generated at Thu May 14 02:53:33 UTC 2026
Activity generated at Thu May 14 06:43:45 UTC 2026
Activity generated at Thu May 14 10:12:39 UTC 2026
Activity generated at Thu May 14 14:05:18 UTC 2026
Activity generated at Thu May 14 17:47:37 UTC 2026
Activity generated at Thu May 14 19:42:59 UTC 2026
Activity generated at Thu May 14 21:07:30 UTC 2026
Activity generated at Thu May 14 22:54:31 UTC 2026
Activity generated at Fri May 15 02:54:56 UTC 2026
Activity generated at Fri May 15 06:53:05 UTC 2026
Activity generated at Fri May 15 10:20:45 UTC 2026
Activity generated at Fri May 15 14:01:41 UTC 2026
Activity generated at Fri May 15 17:25:13 UTC 2026
Activity generated at Fri May 15 19:26:15 UTC 2026
Activity generated at Fri May 15 20:58:01 UTC 2026
Activity generated at Fri May 15 22:52:36 UTC 2026
Activity generated at Sat May 16 02:42:28 UTC 2026
Activity generated at Sat May 16 06:20:10 UTC 2026
Activity generated at Sat May 16 09:27:36 UTC 2026
Activity generated at Sat May 16 11:01:02 UTC 2026
Activity generated at Sat May 16 13:17:09 UTC 2026
Activity generated at Sat May 16 14:54:34 UTC 2026
Activity generated at Sat May 16 16:56:12 UTC 2026
Activity generated at Sat May 16 19:00:40 UTC 2026
Activity generated at Sat May 16 20:42:43 UTC 2026
Activity generated at Sat May 16 22:41:54 UTC 2026
Activity generated at Sun May 17 02:51:38 UTC 2026
Activity generated at Sun May 17 06:42:27 UTC 2026
Activity generated at Sun May 17 09:44:41 UTC 2026
Activity generated at Sun May 17 11:03:26 UTC 2026
Activity generated at Sun May 17 13:15:24 UTC 2026
Activity generated at Sun May 17 14:54:26 UTC 2026
Activity generated at Sun May 17 16:55:32 UTC 2026
Activity generated at Sun May 17 19:05:25 UTC 2026
Activity generated at Sun May 17 20:47:09 UTC 2026
Activity generated at Sun May 17 22:51:44 UTC 2026
Activity generated at Mon May 18 03:28:39 UTC 2026
Activity generated at Mon May 18 08:00:18 UTC 2026
Activity generated at Mon May 18 13:42:59 UTC 2026
Activity generated at Mon May 18 16:46:05 UTC 2026
Activity generated at Mon May 18 19:41:55 UTC 2026
Activity generated at Mon May 18 21:09:46 UTC 2026
Activity generated at Mon May 18 22:59:05 UTC 2026
Activity generated at Tue May 19 02:57:33 UTC 2026
Activity generated at Tue May 19 07:42:53 UTC 2026
Activity generated at Tue May 19 11:15:12 UTC 2026
Activity generated at Tue May 19 14:56:19 UTC 2026
Activity generated at Tue May 19 18:03:21 UTC 2026
Activity generated at Tue May 19 21:17:27 UTC 2026
Activity generated at Tue May 19 23:00:27 UTC 2026
Activity generated at Wed May 20 02:58:00 UTC 2026
Activity generated at Wed May 20 07:40:58 UTC 2026
Activity generated at Wed May 20 10:47:58 UTC 2026
Activity generated at Wed May 20 14:57:44 UTC 2026
Activity generated at Wed May 20 18:14:29 UTC 2026
Activity generated at Wed May 20 21:50:26 UTC 2026
Activity generated at Wed May 20 23:10:41 UTC 2026
Activity generated at Thu May 21 03:27:46 UTC 2026
Activity generated at Thu May 21 07:48:15 UTC 2026
Activity generated at Thu May 21 11:20:11 UTC 2026
Activity generated at Thu May 21 15:18:50 UTC 2026
Activity generated at Thu May 21 17:55:10 UTC 2026
Activity generated at Thu May 21 19:51:20 UTC 2026
Activity generated at Thu May 21 21:25:45 UTC 2026
Activity generated at Thu May 21 23:01:14 UTC 2026
Activity generated at Fri May 22 03:27:09 UTC 2026
Activity generated at Fri May 22 07:41:32 UTC 2026
Activity generated at Fri May 22 10:47:54 UTC 2026
Activity generated at Fri May 22 14:34:00 UTC 2026
Activity generated at Fri May 22 17:49:31 UTC 2026
Activity generated at Fri May 22 19:41:04 UTC 2026
Activity generated at Fri May 22 21:07:06 UTC 2026
Activity generated at Fri May 22 22:56:20 UTC 2026
Activity generated at Sat May 23 02:46:40 UTC 2026
Activity generated at Sat May 23 06:31:48 UTC 2026
Activity generated at Sat May 23 09:50:01 UTC 2026
Activity generated at Sat May 23 11:09:08 UTC 2026
Activity generated at Sat May 23 13:19:56 UTC 2026
Activity generated at Sat May 23 14:58:33 UTC 2026
Activity generated at Sat May 23 16:56:35 UTC 2026
Activity generated at Sat May 23 19:05:55 UTC 2026
Activity generated at Sat May 23 20:47:46 UTC 2026
Activity generated at Sat May 23 22:50:44 UTC 2026
Activity generated at Sun May 24 03:24:02 UTC 2026
Activity generated at Sun May 24 06:56:49 UTC 2026
Activity generated at Sun May 24 09:52:00 UTC 2026
Activity generated at Sun May 24 11:14:19 UTC 2026
Activity generated at Sun May 24 13:21:04 UTC 2026
Activity generated at Sun May 24 15:01:03 UTC 2026
Activity generated at Sun May 24 16:58:10 UTC 2026
Activity generated at Sun May 24 19:13:46 UTC 2026
Activity generated at Sun May 24 20:53:17 UTC 2026
Activity generated at Sun May 24 22:55:48 UTC 2026
Activity generated at Mon May 25 03:35:35 UTC 2026
Activity generated at Mon May 25 08:18:36 UTC 2026
Activity generated at Mon May 25 13:27:21 UTC 2026
Activity generated at Mon May 25 16:20:37 UTC 2026
Activity generated at Mon May 25 19:26:12 UTC 2026
Activity generated at Mon May 25 21:03:37 UTC 2026
Activity generated at Mon May 25 22:59:14 UTC 2026
Activity generated at Tue May 26 02:54:51 UTC 2026
Activity generated at Tue May 26 07:42:13 UTC 2026
Activity generated at Tue May 26 15:19:27 UTC 2026
Activity generated at Tue May 26 18:24:01 UTC 2026
Activity generated at Tue May 26 21:42:37 UTC 2026
Activity generated at Tue May 26 23:07:38 UTC 2026
Activity generated at Wed May 27 03:34:21 UTC 2026
Activity generated at Wed May 27 08:01:06 UTC 2026
Activity generated at Wed May 27 12:50:07 UTC 2026
Activity generated at Wed May 27 17:17:33 UTC 2026
Activity generated at Wed May 27 20:11:52 UTC 2026
Activity generated at Wed May 27 23:14:48 UTC 2026
Activity generated at Thu May 28 02:53:48 UTC 2026
Activity generated at Thu May 28 07:54:46 UTC 2026
Activity generated at Thu May 28 11:36:13 UTC 2026
Activity generated at Thu May 28 15:46:54 UTC 2026
Activity generated at Thu May 28 18:34:00 UTC 2026
Activity generated at Thu May 28 21:52:56 UTC 2026
Activity generated at Thu May 28 23:13:42 UTC 2026
Activity generated at Fri May 29 02:57:42 UTC 2026
Activity generated at Fri May 29 07:52:37 UTC 2026
Activity generated at Fri May 29 11:26:20 UTC 2026
Activity generated at Fri May 29 14:59:41 UTC 2026
Activity generated at Fri May 29 18:30:02 UTC 2026
Activity generated at Fri May 29 21:50:18 UTC 2026
Activity generated at Fri May 29 23:09:28 UTC 2026
Activity generated at Sat May 30 02:50:54 UTC 2026
Activity generated at Sat May 30 06:43:19 UTC 2026
Activity generated at Sat May 30 09:58:18 UTC 2026
Activity generated at Sat May 30 11:26:12 UTC 2026
Activity generated at Sat May 30 13:24:00 UTC 2026
Activity generated at Sat May 30 15:04:19 UTC 2026
Activity generated at Sat May 30 17:00:53 UTC 2026
Activity generated at Sat May 30 19:09:49 UTC 2026
Activity generated at Sat May 30 20:53:08 UTC 2026
Activity generated at Sat May 30 22:55:34 UTC 2026
Activity generated at Sun May 31 03:35:18 UTC 2026
Activity generated at Sun May 31 07:43:19 UTC 2026
Activity generated at Sun May 31 10:13:07 UTC 2026
Activity generated at Sun May 31 13:40:42 UTC 2026
Activity generated at Sun May 31 15:16:08 UTC 2026
Activity generated at Sun May 31 17:03:38 UTC 2026
Activity generated at Sun May 31 19:13:10 UTC 2026
Activity generated at Sun May 31 20:56:57 UTC 2026
Activity generated at Sun May 31 22:57:47 UTC 2026
Activity generated at Mon Jun  1 03:49:54 UTC 2026
Activity generated at Mon Jun  1 09:24:11 UTC 2026
Activity generated at Mon Jun  1 15:54:00 UTC 2026
Activity generated at Mon Jun  1 20:14:58 UTC 2026
Activity generated at Mon Jun  1 23:25:07 UTC 2026
Activity generated at Tue Jun  2 03:42:27 UTC 2026
Activity generated at Tue Jun  2 08:27:03 UTC 2026
Activity generated at Tue Jun  2 13:59:22 UTC 2026
Activity generated at Tue Jun  2 18:08:52 UTC 2026
Activity generated at Tue Jun  2 22:20:53 UTC 2026
Activity generated at Wed Jun  3 03:52:19 UTC 2026
Activity generated at Wed Jun  3 08:53:15 UTC 2026
Activity generated at Wed Jun  3 14:26:06 UTC 2026
Activity generated at Wed Jun  3 19:46:17 UTC 2026
Activity generated at Wed Jun  3 22:26:59 UTC 2026
Activity generated at Thu Jun  4 03:45:42 UTC 2026
Activity generated at Thu Jun  4 08:18:36 UTC 2026
Activity generated at Thu Jun  4 12:42:40 UTC 2026
Activity generated at Thu Jun  4 16:52:07 UTC 2026
Activity generated at Thu Jun  4 20:02:31 UTC 2026
Activity generated at Thu Jun  4 23:07:05 UTC 2026
Activity generated at Fri Jun  5 03:32:56 UTC 2026
Activity generated at Fri Jun  5 08:03:58 UTC 2026
Activity generated at Fri Jun  5 12:34:59 UTC 2026
Activity generated at Fri Jun  5 16:28:16 UTC 2026
Activity generated at Fri Jun  5 19:50:57 UTC 2026
Activity generated at Fri Jun  5 21:23:08 UTC 2026
Activity generated at Fri Jun  5 23:05:54 UTC 2026
Activity generated at Sat Jun  6 02:53:46 UTC 2026
Activity generated at Sat Jun  6 06:50:35 UTC 2026
Activity generated at Sat Jun  6 10:01:27 UTC 2026
Activity generated at Sat Jun  6 13:27:13 UTC 2026
Activity generated at Sat Jun  6 15:12:53 UTC 2026
Activity generated at Sat Jun  6 17:10:38 UTC 2026
Activity generated at Sat Jun  6 19:18:20 UTC 2026
Activity generated at Sat Jun  6 21:01:35 UTC 2026
Activity generated at Sat Jun  6 23:01:36 UTC 2026
Activity generated at Sun Jun  7 03:39:17 UTC 2026
Activity generated at Sun Jun  7 07:52:13 UTC 2026
Activity generated at Sun Jun  7 10:26:36 UTC 2026
Activity generated at Sun Jun  7 13:47:36 UTC 2026
Activity generated at Sun Jun  7 15:22:19 UTC 2026
Activity generated at Sun Jun  7 17:13:36 UTC 2026
Activity generated at Sun Jun  7 19:18:44 UTC 2026
Activity generated at Sun Jun  7 21:09:39 UTC 2026
Activity generated at Sun Jun  7 23:02:31 UTC 2026
Activity generated at Mon Jun  8 03:44:12 UTC 2026
Activity generated at Mon Jun  8 08:52:47 UTC 2026
Activity generated at Mon Jun  8 14:04:23 UTC 2026
Activity generated at Mon Jun  8 18:23:46 UTC 2026
Activity generated at Mon Jun  8 21:48:25 UTC 2026
Activity generated at Mon Jun  8 23:10:34 UTC 2026
Activity generated at Tue Jun  9 02:52:59 UTC 2026
Activity generated at Tue Jun  9 07:43:47 UTC 2026
Activity generated at Tue Jun  9 10:58:07 UTC 2026
Activity generated at Tue Jun  9 14:44:59 UTC 2026
Activity generated at Tue Jun  9 18:01:15 UTC 2026
Activity generated at Tue Jun  9 21:45:43 UTC 2026
Activity generated at Tue Jun  9 23:15:53 UTC 2026
Activity generated at Wed Jun 10 03:30:27 UTC 2026
Activity generated at Wed Jun 10 08:04:52 UTC 2026
Activity generated at Wed Jun 10 12:54:58 UTC 2026
Activity generated at Wed Jun 10 16:56:16 UTC 2026
Activity generated at Wed Jun 10 20:26:13 UTC 2026
Activity generated at Wed Jun 10 23:23:26 UTC 2026
Activity generated at Thu Jun 11 03:42:13 UTC 2026
Activity generated at Thu Jun 11 08:44:01 UTC 2026
Activity generated at Thu Jun 11 13:57:12 UTC 2026
Activity generated at Thu Jun 11 17:37:04 UTC 2026
Activity generated at Thu Jun 11 20:18:23 UTC 2026
Activity generated at Thu Jun 11 23:18:53 UTC 2026
Activity generated at Fri Jun 12 03:41:53 UTC 2026
Activity generated at Fri Jun 12 08:23:12 UTC 2026
Activity generated at Fri Jun 12 12:52:37 UTC 2026
Activity generated at Fri Jun 12 16:42:49 UTC 2026
Activity generated at Fri Jun 12 20:06:49 UTC 2026
Activity generated at Fri Jun 12 23:15:00 UTC 2026
Activity generated at Sat Jun 13 03:29:58 UTC 2026
Activity generated at Sat Jun 13 07:43:56 UTC 2026
Activity generated at Sat Jun 13 10:26:20 UTC 2026
Activity generated at Sat Jun 13 13:54:05 UTC 2026
Activity generated at Sat Jun 13 15:41:22 UTC 2026
Activity generated at Sat Jun 13 17:19:56 UTC 2026
Activity generated at Sat Jun 13 19:21:43 UTC 2026
Activity generated at Sat Jun 13 21:13:16 UTC 2026
Activity generated at Sat Jun 13 23:01:46 UTC 2026
Activity generated at Sun Jun 14 03:47:30 UTC 2026
Activity generated at Sun Jun 14 08:14:04 UTC 2026
Activity generated at Sun Jun 14 11:55:22 UTC 2026
Activity generated at Sun Jun 14 13:59:15 UTC 2026
Activity generated at Sun Jun 14 15:52:50 UTC 2026
Activity generated at Sun Jun 14 17:18:24 UTC 2026
Activity generated at Sun Jun 14 19:23:03 UTC 2026
Activity generated at Sun Jun 14 21:09:27 UTC 2026
Activity generated at Sun Jun 14 23:06:37 UTC 2026
Activity generated at Mon Jun 15 04:01:46 UTC 2026
Activity generated at Mon Jun 15 12:07:37 UTC 2026
Activity generated at Mon Jun 15 18:22:55 UTC 2026
Activity generated at Mon Jun 15 22:16:28 UTC 2026
Activity generated at Tue Jun 16 03:52:27 UTC 2026
Activity generated at Tue Jun 16 09:24:23 UTC 2026
Activity generated at Tue Jun 16 15:07:19 UTC 2026
Activity generated at Tue Jun 16 19:32:12 UTC 2026
Activity generated at Tue Jun 16 22:09:18 UTC 2026
Activity generated at Wed Jun 17 03:54:09 UTC 2026
Activity generated at Wed Jun 17 09:03:20 UTC 2026
Activity generated at Wed Jun 17 13:39:26 UTC 2026
Activity generated at Wed Jun 17 16:53:16 UTC 2026
Activity generated at Wed Jun 17 20:09:21 UTC 2026
Activity generated at Wed Jun 17 23:21:29 UTC 2026
Activity generated at Thu Jun 18 03:40:44 UTC 2026
Activity generated at Thu Jun 18 08:43:55 UTC 2026
Activity generated at Thu Jun 18 12:49:48 UTC 2026
Activity generated at Thu Jun 18 16:54:28 UTC 2026
Activity generated at Thu Jun 18 20:22:26 UTC 2026
Activity generated at Thu Jun 18 23:42:42 UTC 2026
Activity generated at Fri Jun 19 04:03:58 UTC 2026
Activity generated at Fri Jun 19 10:22:20 UTC 2026
Activity generated at Fri Jun 19 15:09:38 UTC 2026
Activity generated at Fri Jun 19 17:54:07 UTC 2026
Activity generated at Fri Jun 19 19:46:22 UTC 2026
Activity generated at Fri Jun 19 21:07:35 UTC 2026
Activity generated at Fri Jun 19 22:54:11 UTC 2026
Activity generated at Sat Jun 20 03:27:39 UTC 2026
Activity generated at Sat Jun 20 07:48:12 UTC 2026
Activity generated at Sat Jun 20 10:30:35 UTC 2026
Activity generated at Sat Jun 20 13:57:29 UTC 2026
Activity generated at Sat Jun 20 15:46:23 UTC 2026
Activity generated at Sat Jun 20 17:23:54 UTC 2026
Activity generated at Sat Jun 20 19:21:59 UTC 2026
Activity generated at Sat Jun 20 21:15:08 UTC 2026
Activity generated at Sat Jun 20 23:05:09 UTC 2026
Activity generated at Sun Jun 21 03:57:18 UTC 2026
Activity generated at Sun Jun 21 08:36:04 UTC 2026
Activity generated at Sun Jun 21 12:09:19 UTC 2026
Activity generated at Sun Jun 21 15:49:15 UTC 2026
Activity generated at Sun Jun 21 17:25:19 UTC 2026
Activity generated at Sun Jun 21 19:26:22 UTC 2026
Activity generated at Sun Jun 21 21:11:38 UTC 2026
Activity generated at Sun Jun 21 23:10:02 UTC 2026
Activity generated at Mon Jun 22 03:58:43 UTC 2026
Activity generated at Mon Jun 22 09:51:37 UTC 2026
Activity generated at Mon Jun 22 15:22:04 UTC 2026
Activity generated at Mon Jun 22 19:23:16 UTC 2026
Activity generated at Mon Jun 22 22:00:18 UTC 2026
Activity generated at Tue Jun 23 02:57:08 UTC 2026
Activity generated at Tue Jun 23 07:44:59 UTC 2026
Activity generated at Tue Jun 23 11:13:34 UTC 2026
Activity generated at Tue Jun 23 14:43:09 UTC 2026
Activity generated at Tue Jun 23 17:50:45 UTC 2026
Activity generated at Tue Jun 23 19:59:41 UTC 2026
Activity generated at Tue Jun 23 21:46:48 UTC 2026
Activity generated at Tue Jun 23 23:06:56 UTC 2026
Activity generated at Wed Jun 24 02:58:05 UTC 2026
Activity generated at Wed Jun 24 07:37:35 UTC 2026
Activity generated at Wed Jun 24 10:46:05 UTC 2026
Activity generated at Wed Jun 24 14:24:45 UTC 2026
Activity generated at Wed Jun 24 17:51:46 UTC 2026
Activity generated at Wed Jun 24 19:42:36 UTC 2026
Activity generated at Wed Jun 24 21:20:25 UTC 2026
Activity generated at Wed Jun 24 23:01:40 UTC 2026
Activity generated at Thu Jun 25 02:57:31 UTC 2026
Activity generated at Thu Jun 25 07:39:43 UTC 2026
Activity generated at Thu Jun 25 10:39:02 UTC 2026
Activity generated at Thu Jun 25 14:27:05 UTC 2026
Activity generated at Thu Jun 25 18:07:14 UTC 2026
Activity generated at Thu Jun 25 21:40:36 UTC 2026
Activity generated at Thu Jun 25 23:15:28 UTC 2026
Activity generated at Fri Jun 26 03:28:23 UTC 2026
Activity generated at Fri Jun 26 07:49:32 UTC 2026
Activity generated at Fri Jun 26 10:48:34 UTC 2026
Activity generated at Fri Jun 26 14:19:49 UTC 2026
Activity generated at Fri Jun 26 17:44:43 UTC 2026
Activity generated at Fri Jun 26 19:43:07 UTC 2026
Activity generated at Fri Jun 26 21:15:57 UTC 2026
Activity generated at Fri Jun 26 23:03:04 UTC 2026
Activity generated at Sat Jun 27 02:52:01 UTC 2026
Activity generated at Sat Jun 27 06:50:13 UTC 2026
Activity generated at Sat Jun 27 10:05:18 UTC 2026
Activity generated at Sat Jun 27 13:27:21 UTC 2026
Activity generated at Sat Jun 27 15:13:11 UTC 2026
Activity generated at Sat Jun 27 17:06:41 UTC 2026
Activity generated at Sat Jun 27 19:16:53 UTC 2026
Activity generated at Sat Jun 27 21:00:06 UTC 2026
Activity generated at Sat Jun 27 22:59:31 UTC 2026
Activity generated at Sun Jun 28 03:34:34 UTC 2026
Activity generated at Sun Jun 28 07:48:37 UTC 2026
Activity generated at Sun Jun 28 10:25:27 UTC 2026
Activity generated at Sun Jun 28 13:41:10 UTC 2026
Activity generated at Sun Jun 28 15:16:19 UTC 2026
Activity generated at Sun Jun 28 17:07:32 UTC 2026
Activity generated at Sun Jun 28 19:15:36 UTC 2026
Activity generated at Sun Jun 28 20:58:29 UTC 2026
Activity generated at Sun Jun 28 22:59:45 UTC 2026
Activity generated at Mon Jun 29 03:39:13 UTC 2026
Activity generated at Mon Jun 29 08:56:16 UTC 2026
Activity generated at Mon Jun 29 14:01:20 UTC 2026
Activity generated at Mon Jun 29 18:06:48 UTC 2026
Activity generated at Mon Jun 29 21:23:58 UTC 2026
Activity generated at Mon Jun 29 22:54:06 UTC 2026
Activity generated at Tue Jun 30 03:26:46 UTC 2026
Activity generated at Tue Jun 30 07:51:37 UTC 2026
Activity generated at Tue Jun 30 10:54:42 UTC 2026
Activity generated at Tue Jun 30 14:13:32 UTC 2026
Activity generated at Tue Jun 30 17:50:09 UTC 2026
Activity generated at Tue Jun 30 19:51:29 UTC 2026
Activity generated at Tue Jun 30 21:26:04 UTC 2026
Activity generated at Tue Jun 30 23:09:20 UTC 2026
Activity generated at Wed Jul  1 03:35:26 UTC 2026
Activity generated at Wed Jul  1 08:09:40 UTC 2026
Activity generated at Wed Jul  1 12:31:44 UTC 2026
Activity generated at Wed Jul  1 16:24:04 UTC 2026
Activity generated at Wed Jul  1 19:50:17 UTC 2026
Activity generated at Wed Jul  1 21:25:31 UTC 2026
Activity generated at Wed Jul  1 23:12:15 UTC 2026
Activity generated at Thu Jul  2 03:20:41 UTC 2026
Activity generated at Thu Jul  2 07:28:23 UTC 2026
Activity generated at Thu Jul  2 10:35:19 UTC 2026
Activity generated at Thu Jul  2 13:53:49 UTC 2026
Activity generated at Thu Jul  2 16:03:55 UTC 2026
Activity generated at Thu Jul  2 19:20:17 UTC 2026
Activity generated at Thu Jul  2 21:03:00 UTC 2026
Activity generated at Thu Jul  2 23:02:50 UTC 2026
Activity generated at Fri Jul  3 02:43:35 UTC 2026
Activity generated at Fri Jul  3 07:18:02 UTC 2026
Activity generated at Fri Jul  3 10:32:42 UTC 2026
Activity generated at Fri Jul  3 13:57:40 UTC 2026
Activity generated at Fri Jul  3 15:53:42 UTC 2026
Activity generated at Fri Jul  3 17:22:33 UTC 2026
Activity generated at Fri Jul  3 19:17:07 UTC 2026
Activity generated at Fri Jul  3 21:02:17 UTC 2026
Activity generated at Fri Jul  3 22:59:55 UTC 2026
Activity generated at Sat Jul  4 02:39:22 UTC 2026
Activity generated at Sat Jul  4 06:45:03 UTC 2026
Activity generated at Sat Jul  4 10:07:01 UTC 2026
Activity generated at Sat Jul  4 13:18:59 UTC 2026
Activity generated at Sat Jul  4 15:02:25 UTC 2026
Activity generated at Sat Jul  4 17:00:58 UTC 2026
Activity generated at Sat Jul  4 19:07:38 UTC 2026
Activity generated at Sat Jul  4 20:53:52 UTC 2026
Activity generated at Sat Jul  4 22:55:44 UTC 2026
Activity generated at Sun Jul  5 02:50:20 UTC 2026
Activity generated at Sun Jul  5 07:22:51 UTC 2026
Activity generated at Sun Jul  5 10:10:01 UTC 2026
Activity generated at Sun Jul  5 13:25:01 UTC 2026
Activity generated at Sun Jul  5 15:10:13 UTC 2026
Activity generated at Sun Jul  5 17:06:06 UTC 2026
Activity generated at Sun Jul  5 19:13:23 UTC 2026
Activity generated at Sun Jul  5 20:56:34 UTC 2026
Activity generated at Sun Jul  5 22:59:00 UTC 2026
Activity generated at Mon Jul  6 02:57:00 UTC 2026
Activity generated at Mon Jul  6 08:17:07 UTC 2026
Activity generated at Mon Jul  6 13:41:59 UTC 2026
Activity generated at Mon Jul  6 16:50:14 UTC 2026
Activity generated at Mon Jul  6 19:51:57 UTC 2026
Activity generated at Mon Jul  6 21:26:31 UTC 2026
Activity generated at Mon Jul  6 23:04:15 UTC 2026
Activity generated at Tue Jul  7 02:51:12 UTC 2026
Activity generated at Tue Jul  7 07:35:14 UTC 2026
Activity generated at Tue Jul  7 10:52:38 UTC 2026
Activity generated at Tue Jul  7 14:26:48 UTC 2026
Activity generated at Tue Jul  7 17:56:43 UTC 2026
Activity generated at Tue Jul  7 19:56:31 UTC 2026
Activity generated at Tue Jul  7 21:25:09 UTC 2026
Activity generated at Tue Jul  7 22:58:15 UTC 2026
Activity generated at Wed Jul  8 02:28:01 UTC 2026
Activity generated at Wed Jul  8 06:25:50 UTC 2026
Activity generated at Wed Jul  8 10:13:33 UTC 2026
Activity generated at Wed Jul  8 13:58:46 UTC 2026
Activity generated at Wed Jul  8 16:03:18 UTC 2026
Activity generated at Wed Jul  8 19:20:48 UTC 2026
Activity generated at Wed Jul  8 21:03:54 UTC 2026
Activity generated at Wed Jul  8 23:03:27 UTC 2026
Activity generated at Thu Jul  9 02:43:49 UTC 2026
Activity generated at Thu Jul  9 07:34:29 UTC 2026
Activity generated at Thu Jul  9 10:51:38 UTC 2026
Activity generated at Thu Jul  9 14:52:38 UTC 2026
Activity generated at Thu Jul  9 17:52:48 UTC 2026
Activity generated at Thu Jul  9 19:41:36 UTC 2026
Activity generated at Thu Jul  9 21:20:46 UTC 2026
Activity generated at Thu Jul  9 23:08:40 UTC 2026
Activity generated at Fri Jul 10 02:47:25 UTC 2026
Activity generated at Fri Jul 10 07:32:09 UTC 2026
Activity generated at Fri Jul 10 10:50:19 UTC 2026
Activity generated at Fri Jul 10 14:19:38 UTC 2026
Activity generated at Fri Jul 10 17:45:10 UTC 2026
Activity generated at Fri Jul 10 19:23:15 UTC 2026
Activity generated at Fri Jul 10 21:03:22 UTC 2026
Activity generated at Fri Jul 10 22:57:05 UTC 2026
Activity generated at Sat Jul 11 02:26:00 UTC 2026
Activity generated at Sat Jul 11 06:10:29 UTC 2026
Activity generated at Sat Jul 11 09:25:52 UTC 2026
Activity generated at Sat Jul 11 11:02:16 UTC 2026
Activity generated at Sat Jul 11 13:12:39 UTC 2026
Activity generated at Sat Jul 11 14:50:10 UTC 2026
Activity generated at Sat Jul 11 16:54:21 UTC 2026
Activity generated at Sat Jul 11 18:58:11 UTC 2026
Activity generated at Sat Jul 11 20:43:13 UTC 2026
Activity generated at Sat Jul 11 22:43:41 UTC 2026
Activity generated at Sun Jul 12 02:30:52 UTC 2026
Activity generated at Sun Jul 12 06:30:22 UTC 2026
Activity generated at Sun Jul 12 09:48:09 UTC 2026
Activity generated at Sun Jul 12 11:07:44 UTC 2026
Activity generated at Sun Jul 12 13:14:02 UTC 2026
Activity generated at Sun Jul 12 14:53:23 UTC 2026
Activity generated at Sun Jul 12 16:55:50 UTC 2026
Activity generated at Sun Jul 12 19:01:34 UTC 2026
Activity generated at Sun Jul 12 20:41:31 UTC 2026
Activity generated at Sun Jul 12 22:43:29 UTC 2026
Activity generated at Mon Jul 13 02:32:35 UTC 2026
Activity generated at Mon Jul 13 06:50:26 UTC 2026
Activity generated at Mon Jul 13 10:57:23 UTC 2026
Activity generated at Mon Jul 13 14:29:53 UTC 2026
Activity generated at Mon Jul 13 17:52:14 UTC 2026
Activity generated at Mon Jul 13 19:19:45 UTC 2026
Activity generated at Mon Jul 13 20:54:53 UTC 2026
Activity generated at Mon Jul 13 22:53:47 UTC 2026
Activity generated at Tue Jul 14 02:11:34 UTC 2026
Activity generated at Tue Jul 14 06:08:23 UTC 2026
Activity generated at Tue Jul 14 09:55:17 UTC 2026
Activity generated at Tue Jul 14 11:23:44 UTC 2026
Activity generated at Tue Jul 14 13:28:05 UTC 2026
Activity generated at Tue Jul 14 15:21:24 UTC 2026
Activity generated at Tue Jul 14 17:11:19 UTC 2026
Activity generated at Tue Jul 14 19:15:11 UTC 2026
Activity generated at Tue Jul 14 20:57:38 UTC 2026
Activity generated at Tue Jul 14 22:54:34 UTC 2026
Activity generated at Wed Jul 15 02:09:55 UTC 2026
Activity generated at Wed Jul 15 06:11:34 UTC 2026
Activity generated at Wed Jul 15 09:59:52 UTC 2026
Activity generated at Wed Jul 15 11:41:56 UTC 2026
Activity generated at Wed Jul 15 13:37:56 UTC 2026
Activity generated at Wed Jul 15 15:23:57 UTC 2026
Activity generated at Wed Jul 15 17:14:17 UTC 2026
Activity generated at Wed Jul 15 19:06:04 UTC 2026
Activity generated at Wed Jul 15 20:57:13 UTC 2026
Activity generated at Wed Jul 15 22:56:10 UTC 2026
Activity generated at Thu Jul 16 02:22:59 UTC 2026
Activity generated at Thu Jul 16 06:14:31 UTC 2026
Activity generated at Thu Jul 16 10:05:57 UTC 2026
Activity generated at Thu Jul 16 13:44:13 UTC 2026
Activity generated at Thu Jul 16 15:36:58 UTC 2026
Activity generated at Thu Jul 16 17:12:29 UTC 2026
Activity generated at Thu Jul 16 19:05:06 UTC 2026
Activity generated at Thu Jul 16 20:54:05 UTC 2026
Activity generated at Thu Jul 16 22:54:46 UTC 2026
Activity generated at Fri Jul 17 02:25:58 UTC 2026
Activity generated at Fri Jul 17 06:12:11 UTC 2026
Activity generated at Fri Jul 17 09:54:06 UTC 2026
Activity generated at Fri Jul 17 11:19:15 UTC 2026
Activity generated at Fri Jul 17 13:21:37 UTC 2026
Activity generated at Fri Jul 17 15:10:40 UTC 2026
Activity generated at Fri Jul 17 17:08:20 UTC 2026
Activity generated at Fri Jul 17 19:02:49 UTC 2026
Activity generated at Fri Jul 17 20:51:08 UTC 2026
Activity generated at Fri Jul 17 22:46:28 UTC 2026
Activity generated at Sat Jul 18 02:10:50 UTC 2026
Activity generated at Sat Jul 18 06:02:11 UTC 2026
Activity generated at Sat Jul 18 09:21:36 UTC 2026
Activity generated at Sat Jul 18 11:01:49 UTC 2026
Activity generated at Sat Jul 18 13:07:58 UTC 2026
Activity generated at Sat Jul 18 14:49:02 UTC 2026
Activity generated at Sat Jul 18 16:54:43 UTC 2026
Activity generated at Sat Jul 18 18:59:26 UTC 2026
Activity generated at Sat Jul 18 20:42:35 UTC 2026
Activity generated at Sat Jul 18 22:44:42 UTC 2026
Activity generated at Sun Jul 19 02:27:51 UTC 2026
Activity generated at Sun Jul 19 06:27:20 UTC 2026
Activity generated at Sun Jul 19 09:49:21 UTC 2026
Activity generated at Sun Jul 19 11:07:07 UTC 2026
Activity generated at Sun Jul 19 13:12:02 UTC 2026
Activity generated at Sun Jul 19 14:52:28 UTC 2026
Activity generated at Sun Jul 19 16:55:35 UTC 2026
Activity generated at Sun Jul 19 19:01:42 UTC 2026
Activity generated at Sun Jul 19 20:42:23 UTC 2026
Activity generated at Sun Jul 19 22:49:01 UTC 2026
Activity generated at Mon Jul 20 02:43:11 UTC 2026
Activity generated at Mon Jul 20 06:42:35 UTC 2026
Activity generated at Mon Jul 20 10:48:58 UTC 2026
Activity generated at Mon Jul 20 13:59:46 UTC 2026
Activity generated at Mon Jul 20 15:56:51 UTC 2026
Activity generated at Mon Jul 20 18:05:31 UTC 2026
Activity generated at Mon Jul 20 21:09:24 UTC 2026
Activity generated at Mon Jul 20 22:57:37 UTC 2026
Activity generated at Tue Jul 21 02:26:28 UTC 2026
Activity generated at Tue Jul 21 06:25:30 UTC 2026
Activity generated at Tue Jul 21 10:22:31 UTC 2026
Activity generated at Tue Jul 21 13:42:57 UTC 2026
Activity generated at Tue Jul 21 15:41:15 UTC 2026
Activity generated at Tue Jul 21 17:15:03 UTC 2026
Activity generated at Tue Jul 21 19:16:55 UTC 2026
Activity generated at Tue Jul 21 21:05:25 UTC 2026
Activity generated at Tue Jul 21 22:53:23 UTC 2026
Activity generated at Wed Jul 22 02:25:14 UTC 2026
Activity generated at Wed Jul 22 06:25:07 UTC 2026
Activity generated at Wed Jul 22 10:22:35 UTC 2026
Activity generated at Wed Jul 22 13:45:32 UTC 2026
Activity generated at Wed Jul 22 15:38:17 UTC 2026
Activity generated at Wed Jul 22 17:14:55 UTC 2026
Activity generated at Wed Jul 22 19:12:22 UTC 2026
Activity generated at Wed Jul 22 21:02:57 UTC 2026
Activity generated at Wed Jul 22 22:59:22 UTC 2026
Activity generated at Thu Jul 23 02:30:13 UTC 2026
Activity generated at Thu Jul 23 06:27:47 UTC 2026
Activity generated at Thu Jul 23 10:19:34 UTC 2026
Activity generated at Thu Jul 23 13:50:35 UTC 2026
Activity generated at Thu Jul 23 15:52:47 UTC 2026
Activity generated at Thu Jul 23 17:18:48 UTC 2026
Activity generated at Thu Jul 23 19:11:21 UTC 2026
Activity generated at Thu Jul 23 21:00:28 UTC 2026
Activity generated at Thu Jul 23 22:53:05 UTC 2026
Activity generated at Fri Jul 24 02:27:28 UTC 2026
Activity generated at Fri Jul 24 06:22:37 UTC 2026
Activity generated at Fri Jul 24 10:13:20 UTC 2026
Activity generated at Fri Jul 24 13:38:15 UTC 2026
Activity generated at Fri Jul 24 15:23:09 UTC 2026
Activity generated at Fri Jul 24 17:27:14 UTC 2026
Activity generated at Fri Jul 24 19:20:32 UTC 2026
Activity generated at Fri Jul 24 20:59:23 UTC 2026
Activity generated at Fri Jul 24 22:58:28 UTC 2026
Activity generated at Sat Jul 25 02:25:35 UTC 2026
Activity generated at Sat Jul 25 06:14:58 UTC 2026
Activity generated at Sat Jul 25 09:43:10 UTC 2026
Activity generated at Sat Jul 25 11:06:41 UTC 2026
Activity generated at Sat Jul 25 13:18:46 UTC 2026
Activity generated at Sat Jul 25 14:59:33 UTC 2026
Activity generated at Sat Jul 25 16:53:19 UTC 2026
Activity generated at Sat Jul 25 19:02:44 UTC 2026
Activity generated at Sat Jul 25 20:48:18 UTC 2026
Activity generated at Sat Jul 25 22:52:46 UTC 2026
Activity generated at Sun Jul 26 02:32:23 UTC 2026
Activity generated at Sun Jul 26 06:33:22 UTC 2026
Activity generated at Sun Jul 26 09:56:02 UTC 2026
Activity generated at Sun Jul 26 11:18:41 UTC 2026
Activity generated at Sun Jul 26 13:14:43 UTC 2026
Activity generated at Sun Jul 26 15:02:18 UTC 2026
Activity generated at Sun Jul 26 16:56:20 UTC 2026
Activity generated at Sun Jul 26 19:05:48 UTC 2026
Activity generated at Sun Jul 26 20:54:56 UTC 2026
Activity generated at Sun Jul 26 22:56:36 UTC 2026
Activity generated at Mon Jul 27 02:39:52 UTC 2026
Activity generated at Mon Jul 27 07:27:01 UTC 2026
Activity generated at Mon Jul 27 11:17:04 UTC 2026
Activity generated at Mon Jul 27 14:27:03 UTC 2026
Activity generated at Mon Jul 27 17:39:57 UTC 2026
Activity generated at Mon Jul 27 19:22:58 UTC 2026
Activity generated at Mon Jul 27 21:07:07 UTC 2026
Activity generated at Mon Jul 27 22:58:26 UTC 2026
Activity generated at Tue Jul 28 02:20:15 UTC 2026
Activity generated at Tue Jul 28 06:23:37 UTC 2026
Activity generated at Tue Jul 28 10:31:20 UTC 2026
Activity generated at Tue Jul 28 13:59:57 UTC 2026
Activity generated at Tue Jul 28 16:08:39 UTC 2026
Activity generated at Tue Jul 28 19:18:25 UTC 2026
Activity generated at Tue Jul 28 21:04:13 UTC 2026
Activity generated at Tue Jul 28 22:55:03 UTC 2026
Activity generated at Wed Jul 29 02:24:28 UTC 2026
Activity generated at Wed Jul 29 06:28:16 UTC 2026
Activity generated at Wed Jul 29 10:35:34 UTC 2026
Activity generated at Wed Jul 29 14:03:42 UTC 2026
Activity generated at Wed Jul 29 17:11:48 UTC 2026
Activity generated at Wed Jul 29 19:11:16 UTC 2026
Activity generated at Wed Jul 29 20:52:20 UTC 2026
Activity generated at Wed Jul 29 22:57:31 UTC 2026
Activity generated at Thu Jul 30 02:06:24 UTC 2026
Activity generated at Thu Jul 30 06:24:41 UTC 2026
Activity generated at Thu Jul 30 10:21:53 UTC 2026
Activity generated at Thu Jul 30 13:52:33 UTC 2026
Activity generated at Thu Jul 30 15:50:16 UTC 2026
Activity generated at Thu Jul 30 17:23:19 UTC 2026
Activity generated at Thu Jul 30 19:20:45 UTC 2026
Activity generated at Thu Jul 30 21:05:31 UTC 2026
Activity generated at Thu Jul 30 23:03:04 UTC 2026
Activity generated at Fri Jul 31 02:34:17 UTC 2026
Activity generated at Fri Jul 31 06:40:57 UTC 2026
Activity generated at Fri Jul 31 10:35:26 UTC 2026
Activity generated at Fri Jul 31 13:58:30 UTC 2026
Activity generated at Fri Jul 31 16:03:24 UTC 2026
Activity generated at Fri Jul 31 19:19:58 UTC 2026
Activity generated at Fri Jul 31 21:00:48 UTC 2026
Activity generated at Fri Jul 31 22:56:38 UTC 2026
Activity generated at Sat Aug  1 02:32:54 UTC 2026
Activity generated at Sat Aug  1 06:25:56 UTC 2026
Activity generated at Sat Aug  1 09:56:34 UTC 2026
Activity generated at Sat Aug  1 11:15:01 UTC 2026
Activity generated at Sat Aug  1 13:13:35 UTC 2026
Activity generated at Sat Aug  1 14:57:37 UTC 2026
Activity generated at Sat Aug  1 16:56:10 UTC 2026
Activity generated at Sat Aug  1 19:04:09 UTC 2026
Activity generated at Sat Aug  1 20:48:01 UTC 2026
Activity generated at Sat Aug  1 22:52:02 UTC 2026
Activity generated at Sun Aug  2 02:31:35 UTC 2026
Activity generated at Sun Aug  2 06:29:58 UTC 2026
Activity generated at Sun Aug  2 09:53:14 UTC 2026
Activity generated at Sun Aug  2 11:13:58 UTC 2026
Activity generated at Sun Aug  2 13:14:11 UTC 2026
Activity generated at Sun Aug  2 14:59:27 UTC 2026
Activity generated at Sun Aug  2 16:55:03 UTC 2026
Activity generated at Sun Aug  2 19:05:00 UTC 2026
Activity generated at Sun Aug  2 20:51:45 UTC 2026
Activity generated at Sun Aug  2 22:53:10 UTC 2026
Activity generated at Mon Aug  3 02:33:35 UTC 2026
Activity generated at Mon Aug  3 06:56:32 UTC 2026
Activity generated at Mon Aug  3 11:19:19 UTC 2026
Activity generated at Mon Aug  3 14:32:31 UTC 2026
Activity generated at Mon Aug  3 17:47:56 UTC 2026
Activity generated at Mon Aug  3 19:26:07 UTC 2026
Activity generated at Mon Aug  3 20:59:13 UTC 2026
Activity generated at Mon Aug  3 22:56:59 UTC 2026
Activity generated at Tue Aug  4 02:12:56 UTC 2026
Activity generated at Tue Aug  4 06:24:34 UTC 2026
Activity generated at Tue Aug  4 10:34:56 UTC 2026
Activity generated at Tue Aug  4 14:03:58 UTC 2026
Activity generated at Tue Aug  4 17:45:02 UTC 2026
Activity generated at Tue Aug  4 19:27:35 UTC 2026
Activity generated at Tue Aug  4 21:08:59 UTC 2026
Activity generated at Tue Aug  4 23:00:26 UTC 2026
Activity generated at Wed Aug  5 02:12:14 UTC 2026
Activity generated at Wed Aug  5 06:24:56 UTC 2026
Activity generated at Wed Aug  5 10:31:05 UTC 2026
Activity generated at Wed Aug  5 14:01:48 UTC 2026
Activity generated at Wed Aug  5 17:25:58 UTC 2026
Activity generated at Wed Aug  5 19:25:16 UTC 2026
Activity generated at Wed Aug  5 21:04:05 UTC 2026
Activity generated at Wed Aug  5 22:55:28 UTC 2026
Activity generated at Thu Aug  6 02:20:54 UTC 2026
Activity generated at Thu Aug  6 06:26:51 UTC 2026
Activity generated at Thu Aug  6 10:35:13 UTC 2026
Activity generated at Thu Aug  6 14:00:27 UTC 2026
Activity generated at Thu Aug  6 23:55:17 UTC 2026
Activity generated at Fri Aug  7 02:32:26 UTC 2026
Activity generated at Fri Aug  7 05:37:55 UTC 2026
Activity generated at Fri Aug  7 07:10:21 UTC 2026
Activity generated at Fri Aug  7 08:56:05 UTC 2026
Activity generated at Fri Aug  7 10:49:24 UTC 2026
Activity generated at Fri Aug  7 12:56:17 UTC 2026
Activity generated at Fri Aug  7 14:50:14 UTC 2026
Activity generated at Fri Aug  7 16:51:14 UTC 2026
Activity generated at Fri Aug  7 18:51:37 UTC 2026
Activity generated at Fri Aug  7 20:37:10 UTC 2026
Activity generated at Fri Aug  7 22:31:24 UTC 2026
Activity generated at Sat Aug  8 01:20:24 UTC 2026
Activity generated at Sat Aug  8 03:22:10 UTC 2026
Activity generated at Sat Aug  8 04:53:03 UTC 2026
Activity generated at Sat Aug  8 06:46:42 UTC 2026
Activity generated at Sat Aug  8 08:36:29 UTC 2026
Activity generated at Sat Aug  8 10:28:51 UTC 2026
Activity generated at Sat Aug  8 12:40:46 UTC 2026
Activity generated at Sat Aug  8 14:28:48 UTC 2026
Activity generated at Sat Aug  8 16:29:08 UTC 2026
Activity generated at Sat Aug  8 18:32:57 UTC 2026
Activity generated at Sat Aug  8 20:25:26 UTC 2026
Activity generated at Sat Aug  8 22:25:19 UTC 2026
Activity generated at Sun Aug  9 01:25:33 UTC 2026
Activity generated at Sun Aug  9 03:38:52 UTC 2026
Activity generated at Sun Aug  9 05:01:15 UTC 2026
Activity generated at Sun Aug  9 06:51:29 UTC 2026
Activity generated at Sun Aug  9 08:38:30 UTC 2026
Activity generated at Sun Aug  9 10:30:52 UTC 2026
Activity generated at Sun Aug  9 12:42:38 UTC 2026
Activity generated at Sun Aug  9 14:30:59 UTC 2026
Activity generated at Sun Aug  9 16:30:10 UTC 2026
Activity generated at Sun Aug  9 18:35:51 UTC 2026
Activity generated at Sun Aug  9 20:27:53 UTC 2026
Activity generated at Sun Aug  9 22:27:23 UTC 2026
Activity generated at Mon Aug 10 01:27:27 UTC 2026
Activity generated at Mon Aug 10 03:51:05 UTC 2026
Activity generated at Mon Aug 10 05:23:01 UTC 2026
Activity generated at Mon Aug 10 07:26:28 UTC 2026
Activity generated at Mon Aug 10 09:16:08 UTC 2026
Activity generated at Mon Aug 10 11:04:53 UTC 2026
Activity generated at Mon Aug 10 13:00:34 UTC 2026
Activity generated at Mon Aug 10 14:54:24 UTC 2026
Activity generated at Mon Aug 10 16:50:57 UTC 2026
Activity generated at Mon Aug 10 18:52:48 UTC 2026
Activity generated at Mon Aug 10 20:38:23 UTC 2026
Activity generated at Mon Aug 10 22:33:55 UTC 2026
Activity generated at Tue Aug 11 01:25:26 UTC 2026
Activity generated at Tue Aug 11 03:40:40 UTC 2026
Activity generated at Tue Aug 11 05:04:36 UTC 2026
Activity generated at Tue Aug 11 07:01:38 UTC 2026
Activity generated at Tue Aug 11 08:50:46 UTC 2026
Activity generated at Tue Aug 11 10:47:22 UTC 2026
Activity generated at Tue Aug 11 12:56:51 UTC 2026
Activity generated at Tue Aug 11 14:54:16 UTC 2026
Activity generated at Tue Aug 11 16:54:43 UTC 2026
Activity generated at Tue Aug 11 18:57:32 UTC 2026
Activity generated at Tue Aug 11 20:39:16 UTC 2026
Activity generated at Tue Aug 11 22:37:48 UTC 2026
Activity generated at Wed Aug 12 01:42:21 UTC 2026
Activity generated at Wed Aug 12 04:04:10 UTC 2026
Activity generated at Wed Aug 12 07:19:50 UTC 2026
Activity generated at Wed Aug 12 09:07:51 UTC 2026
Activity generated at Wed Aug 12 10:57:40 UTC 2026
Activity generated at Wed Aug 12 13:01:31 UTC 2026
Activity generated at Wed Aug 12 14:53:47 UTC 2026
Activity generated at Wed Aug 12 16:53:59 UTC 2026
Activity generated at Wed Aug 12 18:57:40 UTC 2026
Activity generated at Wed Aug 12 20:39:43 UTC 2026
Activity generated at Wed Aug 12 22:36:35 UTC 2026
Activity generated at Thu Aug 13 01:45:01 UTC 2026
Activity generated at Thu Aug 13 04:08:41 UTC 2026
Activity generated at Thu Aug 13 07:21:56 UTC 2026
Activity generated at Thu Aug 13 09:08:29 UTC 2026
Activity generated at Thu Aug 13 10:58:15 UTC 2026
Activity generated at Thu Aug 13 13:02:42 UTC 2026
Activity generated at Thu Aug 13 14:53:46 UTC 2026
Activity generated at Thu Aug 13 16:53:29 UTC 2026
Activity generated at Thu Aug 13 18:58:55 UTC 2026
Activity generated at Thu Aug 13 20:38:15 UTC 2026
Activity generated at Thu Aug 13 22:37:56 UTC 2026
Activity generated at Fri Aug 14 01:43:13 UTC 2026
Activity generated at Fri Aug 14 04:05:18 UTC 2026
Activity generated at Fri Aug 14 07:19:31 UTC 2026
Activity generated at Fri Aug 14 09:03:55 UTC 2026
Activity generated at Fri Aug 14 10:55:05 UTC 2026
Activity generated at Fri Aug 14 12:59:21 UTC 2026
Activity generated at Fri Aug 14 14:46:54 UTC 2026
Activity generated at Fri Aug 14 16:48:24 UTC 2026
Activity generated at Fri Aug 14 18:49:34 UTC 2026
Activity generated at Fri Aug 14 20:27:13 UTC 2026
Activity generated at Fri Aug 14 22:18:56 UTC 2026
Activity generated at Sat Aug 15 01:03:49 UTC 2026
Activity generated at Sat Aug 15 02:48:52 UTC 2026
Activity generated at Sat Aug 15 04:26:37 UTC 2026
Activity generated at Sat Aug 15 06:32:10 UTC 2026
Activity generated at Sat Aug 15 08:23:28 UTC 2026
Activity generated at Sat Aug 15 10:18:35 UTC 2026
Activity generated at Sat Aug 15 12:31:22 UTC 2026
Activity generated at Sat Aug 15 14:18:40 UTC 2026
Activity generated at Sat Aug 15 16:19:53 UTC 2026
Activity generated at Sat Aug 15 18:23:27 UTC 2026
Activity generated at Sat Aug 15 20:18:06 UTC 2026
Activity generated at Sat Aug 15 22:17:46 UTC 2026
Activity generated at Sun Aug 16 01:07:26 UTC 2026
Activity generated at Sun Aug 16 02:56:27 UTC 2026
Activity generated at Sun Aug 16 04:32:01 UTC 2026
Activity generated at Sun Aug 16 06:34:17 UTC 2026
Activity generated at Sun Aug 16 08:24:36 UTC 2026
Activity generated at Sun Aug 16 10:18:51 UTC 2026
Activity generated at Sun Aug 16 12:32:41 UTC 2026
Activity generated at Sun Aug 16 14:18:43 UTC 2026
Activity generated at Sun Aug 16 16:20:11 UTC 2026
Activity generated at Sun Aug 16 18:23:10 UTC 2026
Activity generated at Sun Aug 16 20:17:33 UTC 2026
Activity generated at Sun Aug 16 22:17:07 UTC 2026
Activity generated at Mon Aug 17 01:05:11 UTC 2026
Activity generated at Mon Aug 17 02:56:14 UTC 2026
Activity generated at Mon Aug 17 04:37:39 UTC 2026
Activity generated at Mon Aug 17 06:48:34 UTC 2026
Activity generated at Mon Aug 17 08:38:51 UTC 2026
Activity generated at Mon Aug 17 10:28:23 UTC 2026
Activity generated at Mon Aug 17 12:37:28 UTC 2026
Activity generated at Mon Aug 17 14:23:52 UTC 2026
Activity generated at Mon Aug 17 16:22:54 UTC 2026
Activity generated at Mon Aug 17 18:34:17 UTC 2026
Activity generated at Mon Aug 17 20:22:27 UTC 2026
Activity generated at Mon Aug 17 22:20:41 UTC 2026
Activity generated at Tue Aug 18 01:03:20 UTC 2026
Activity generated at Tue Aug 18 02:52:26 UTC 2026
Activity generated at Tue Aug 18 04:31:36 UTC 2026
Activity generated at Tue Aug 18 06:37:12 UTC 2026
Activity generated at Tue Aug 18 08:32:25 UTC 2026
Activity generated at Tue Aug 18 10:24:36 UTC 2026
Activity generated at Tue Aug 18 12:38:40 UTC 2026
Activity generated at Tue Aug 18 14:29:28 UTC 2026
Activity generated at Tue Aug 18 16:26:57 UTC 2026
Activity generated at Tue Aug 18 18:33:07 UTC 2026
Activity generated at Tue Aug 18 20:19:20 UTC 2026
Activity generated at Tue Aug 18 22:19:07 UTC 2026
Activity generated at Wed Aug 19 01:03:39 UTC 2026
Activity generated at Wed Aug 19 02:53:55 UTC 2026
Activity generated at Wed Aug 19 04:33:25 UTC 2026
Activity generated at Wed Aug 19 06:37:57 UTC 2026
Activity generated at Wed Aug 19 08:33:07 UTC 2026
Activity generated at Wed Aug 19 10:24:27 UTC 2026
Activity generated at Wed Aug 19 12:39:36 UTC 2026
Activity generated at Wed Aug 19 14:29:41 UTC 2026
Activity generated at Wed Aug 19 16:27:14 UTC 2026
Activity generated at Wed Aug 19 18:30:18 UTC 2026
Activity generated at Wed Aug 19 20:22:46 UTC 2026
Activity generated at Wed Aug 19 22:20:35 UTC 2026
Activity generated at Thu Aug 20 01:03:28 UTC 2026
Activity generated at Thu Aug 20 02:53:18 UTC 2026
Activity generated at Thu Aug 20 04:33:29 UTC 2026
Activity generated at Thu Aug 20 06:39:49 UTC 2026
Activity generated at Thu Aug 20 08:34:04 UTC 2026
Activity generated at Thu Aug 20 10:26:08 UTC 2026
Activity generated at Thu Aug 20 12:41:30 UTC 2026
Activity generated at Thu Aug 20 14:32:20 UTC 2026
Activity generated at Thu Aug 20 16:30:53 UTC 2026
Activity generated at Thu Aug 20 18:34:12 UTC 2026
Activity generated at Thu Aug 20 20:24:02 UTC 2026
Activity generated at Thu Aug 20 22:23:03 UTC 2026
Activity generated at Fri Aug 21 01:07:03 UTC 2026
Activity generated at Fri Aug 21 02:59:13 UTC 2026
Activity generated at Fri Aug 21 04:34:31 UTC 2026
Activity generated at Fri Aug 21 06:39:49 UTC 2026
Activity generated at Fri Aug 21 08:36:26 UTC 2026
Activity generated at Fri Aug 21 10:26:08 UTC 2026
Activity generated at Fri Aug 21 12:39:55 UTC 2026
Activity generated at Fri Aug 21 14:31:12 UTC 2026
Activity generated at Fri Aug 21 16:29:28 UTC 2026
Activity generated at Fri Aug 21 18:31:56 UTC 2026
Activity generated at Fri Aug 21 20:21:41 UTC 2026
Activity generated at Fri Aug 21 22:20:02 UTC 2026
Activity generated at Sat Aug 22 01:03:36 UTC 2026
Activity generated at Sat Aug 22 02:50:44 UTC 2026
Activity generated at Sat Aug 22 04:29:00 UTC 2026
Activity generated at Sat Aug 22 06:34:06 UTC 2026
Activity generated at Sat Aug 22 08:24:49 UTC 2026
Activity generated at Sat Aug 22 10:19:16 UTC 2026
Activity generated at Sat Aug 22 12:32:29 UTC 2026
Activity generated at Sat Aug 22 14:17:30 UTC 2026
Activity generated at Sat Aug 22 16:19:35 UTC 2026
Activity generated at Sat Aug 22 18:24:57 UTC 2026
Activity generated at Sat Aug 22 20:18:18 UTC 2026
Activity generated at Sat Aug 22 22:17:48 UTC 2026
Activity generated at Sun Aug 23 01:08:31 UTC 2026
Activity generated at Sun Aug 23 02:58:50 UTC 2026
Activity generated at Sun Aug 23 04:33:14 UTC 2026
Activity generated at Sun Aug 23 06:35:22 UTC 2026
Activity generated at Sun Aug 23 08:25:00 UTC 2026
Activity generated at Sun Aug 23 10:20:03 UTC 2026
Activity generated at Sun Aug 23 12:33:26 UTC 2026
Activity generated at Sun Aug 23 14:19:29 UTC 2026
Activity generated at Sun Aug 23 16:20:17 UTC 2026
Activity generated at Sun Aug 23 18:24:11 UTC 2026
Activity generated at Sun Aug 23 20:18:26 UTC 2026
Activity generated at Sun Aug 23 22:17:56 UTC 2026
Activity generated at Mon Aug 24 01:06:08 UTC 2026
Activity generated at Mon Aug 24 02:59:48 UTC 2026
Activity generated at Mon Aug 24 04:40:23 UTC 2026
Activity generated at Mon Aug 24 06:51:56 UTC 2026
Activity generated at Mon Aug 24 08:43:42 UTC 2026
